192.168.1.94 - - [05/Apr/2023:23:21:18 +0800] "GET /Bahoot/SQL?sql=SELECT%20current_question_id%20FROM%20session%20WHERE%20room_code%20=%20'546456' HTTP/1.1" 200 33
127.0.0.1 - - [05/Apr/2023:23:21:19 +0800] "GET /Bahoot/login?email=test@gmail.com&password=123123 HTTP/1.1" 200 5
192.168.1.94 - - [05/Apr/2023:23:21:19 +0800] "GET /Bahoot/SQL?sql=SELECT%20current_question_id%20FROM%20session%20WHERE%20room_code%20=%20'546456' HTTP/1.1" 200 33
192.168.1.94 - - [05/Apr/2023:23:21:20 +0800] "GET /Bahoot/SQL?sql=SELECT%20current_question_id%20FROM%20session%20WHERE%20room_code%20=%20'546456' HTTP/1.1" 200 33
192.168.1.94 - - [05/Apr/2023:23:21:21 +0800] "GET /Bahoot/SQL?sql=SELECT%20current_question_id%20FROM%20session%20WHERE%20room_code%20=%20'546456' HTTP/1.1" 200 33
192.168.1.94 - - [05/Apr/2023:23:21:22 +0800] "GET /Bahoot/SQL?sql=SELECT%20current_question_id%20FROM%20session%20WHERE%20room_code%20=%20'546456' HTTP/1.1" 200 33
192.168.1.94 - - [05/Apr/2023:23:21:23 +0800] "GET /Bahoot/SQL?sql=SELECT%20current_question_id%20FROM%20session%20WHERE%20room_code%20=%20'546456' HTTP/1.1" 200 33
192.168.1.94 - - [05/Apr/2023:23:21:24 +0800] "GET /Bahoot/SQL?sql=SELECT%20current_question_id%20FROM%20session%20WHERE%20room_code%20=%20'546456' HTTP/1.1" 200 33
192.168.1.94 - - [05/Apr/2023:23:21:25 +0800] "GET /Bahoot/SQL?sql=SELECT%20current_question_id%20FROM%20session%20WHERE%20room_code%20=%20'546456' HTTP/1.1" 200 33
192.168.1.94 - - [05/Apr/2023:23:21:26 +0800] "GET /Bahoot/SQL?sql=SELECT%20current_question_id%20FROM%20session%20WHERE%20room_code%20=%20'546456' HTTP/1.1" 200 33
192.168.1.94 - - [05/Apr/2023:23:21:27 +0800] "GET /Bahoot/SQL?sql=SELECT%20current_question_id%20FROM%20session%20WHERE%20room_code%20=%20'546456' HTTP/1.1" 200 33
192.168.1.94 - - [05/Apr/2023:23:21:28 +0800] "GET /Bahoot/SQL?sql=SELECT%20current_question_id%20FROM%20session%20WHERE%20room_code%20=%20'546456' HTTP/1.1" 200 33
192.168.1.94 - - [05/Apr/2023:23:21:29 +0800] "GET /Bahoot/SQL?sql=SELECT%20current_question_id%20FROM%20session%20WHERE%20room_code%20=%20'546456' HTTP/1.1" 200 33
192.168.1.94 - - [05/Apr/2023:23:21:30 +0800] "GET /Bahoot/SQL?sql=SELECT%20current_question_id%20FROM%20session%20WHERE%20room_code%20=%20'546456' HTTP/1.1" 200 33
192.168.1.94 - - [05/Apr/2023:23:21:31 +0800] "GET /Bahoot/SQL?sql=SELECT%20current_question_id%20FROM%20session%20WHERE%20room_code%20=%20'546456' HTTP/1.1" 200 33
192.168.1.94 - - [05/Apr/2023:23:21:32 +0800] "GET /Bahoot/SQL?sql=SELECT%20current_question_id%20FROM%20session%20WHERE%20room_code%20=%20'546456' HTTP/1.1" 200 33
192.168.1.94 - - [05/Apr/2023:23:21:33 +0800] "GET /Bahoot/SQL?sql=SELECT%20current_question_id%20FROM%20session%20WHERE%20room_code%20=%20'546456' HTTP/1.1" 200 33
192.168.1.94 - - [05/Apr/2023:23:21:34 +0800] "GET /Bahoot/SQL?sql=SELECT%20current_question_id%20FROM%20session%20WHERE%20room_code%20=%20'546456' HTTP/1.1" 200 33
192.168.1.94 - - [05/Apr/2023:23:21:35 +0800] "GET /Bahoot/SQL?sql=SELECT%20current_question_id%20FROM%20session%20WHERE%20room_code%20=%20'546456' HTTP/1.1" 200 33
192.168.1.94 - - [05/Apr/2023:23:21:36 +0800] "GET /Bahoot/SQL?sql=SELECT%20current_question_id%20FROM%20session%20WHERE%20room_code%20=%20'546456' HTTP/1.1" 200 33
192.168.1.94 - - [05/Apr/2023:23:21:37 +0800] "GET /Bahoot/SQL?sql=SELECT%20current_question_id%20FROM%20session%20WHERE%20room_code%20=%20'546456' HTTP/1.1" 200 33
192.168.1.94 - - [05/Apr/2023:23:21:38 +0800] "GET /Bahoot/SQL?sql=SELECT%20current_question_id%20FROM%20session%20WHERE%20room_code%20=%20'546456' HTTP/1.1" 200 33
192.168.1.94 - - [05/Apr/2023:23:21:39 +0800] "GET /Bahoot/SQL?sql=SELECT%20current_question_id%20FROM%20session%20WHERE%20room_code%20=%20'546456' HTTP/1.1" 200 33
192.168.1.94 - - [05/Apr/2023:23:21:40 +0800] "GET /Bahoot/SQL?sql=SELECT%20current_question_id%20FROM%20session%20WHERE%20room_code%20=%20'546456' HTTP/1.1" 200 33
127.0.0.1 - - [05/Apr/2023:23:21:40 +0800] "GET /Bahoot/SQL?sql=SELECT%20*%20FROM%20session%20WHERE%20room_code%20=%20'546546' HTTP/1.1" 200 5
192.168.1.94 - - [05/Apr/2023:23:21:41 +0800] "GET /Bahoot/SQL?sql=SELECT%20current_question_id%20FROM%20session%20WHERE%20room_code%20=%20'546456' HTTP/1.1" 200 33
192.168.1.94 - - [05/Apr/2023:23:21:42 +0800] "GET /Bahoot/SQL?sql=SELECT%20current_question_id%20FROM%20session%20WHERE%20room_code%20=%20'546456' HTTP/1.1" 200 33
192.168.1.94 - - [05/Apr/2023:23:21:43 +0800] "GET /Bahoot/SQL?sql=SELECT%20current_question_id%20FROM%20session%20WHERE%20room_code%20=%20'546456' HTTP/1.1" 200 33
192.168.1.94 - - [05/Apr/2023:23:21:44 +0800] "GET /Bahoot/SQL?sql=SELECT%20current_question_id%20FROM%20session%20WHERE%20room_code%20=%20'546456' HTTP/1.1" 200 33
192.168.1.94 - - [05/Apr/2023:23:21:45 +0800] "GET /Bahoot/SQL?sql=SELECT%20current_question_id%20FROM%20session%20WHERE%20room_code%20=%20'546456' HTTP/1.1" 200 33
192.168.1.94 - - [05/Apr/2023:23:21:46 +0800] "GET /Bahoot/SQL?sql=SELECT%20current_question_id%20FROM%20session%20WHERE%20room_code%20=%20'546456' HTTP/1.1" 200 33
192.168.1.94 - - [05/Apr/2023:23:21:47 +0800] "GET /Bahoot/SQL?sql=SELECT%20current_question_id%20FROM%20session%20WHERE%20room_code%20=%20'546456' HTTP/1.1" 200 33
127.0.0.1 - - [05/Apr/2023:23:21:48 +0800] "GET /Bahoot/SQL?sql=SELECT%20*%20FROM%20session%20WHERE%20room_code%20=%20'546456' HTTP/1.1" 200 56
192.168.1.94 - - [05/Apr/2023:23:21:48 +0800] "GET /Bahoot/SQL?sql=SELECT%20current_question_id%20FROM%20session%20WHERE%20room_code%20=%20'546456' HTTP/1.1" 200 33
127.0.0.1 - - [05/Apr/2023:23:21:48 +0800] "GET /Bahoot/SQL?sql=SELECT%20current_question_id%20FROM%20session%20WHERE%20room_code%20=%20'546456' HTTP/1.1" 200 33
192.168.1.94 - - [05/Apr/2023:23:21:49 +0800] "GET /Bahoot/SQL?sql=SELECT%20current_question_id%20FROM%20session%20WHERE%20room_code%20=%20'546456' HTTP/1.1" 200 33
127.0.0.1 - - [05/Apr/2023:23:21:50 +0800] "GET /Bahoot/SQL?sql=SELECT%20current_question_id%20FROM%20session%20WHERE%20room_code%20=%20'546456' HTTP/1.1" 200 33
192.168.1.94 - - [05/Apr/2023:23:21:50 +0800] "GET /Bahoot/SQL?sql=SELECT%20current_question_id%20FROM%20session%20WHERE%20room_code%20=%20'546456' HTTP/1.1" 200 33
127.0.0.1 - - [05/Apr/2023:23:21:50 +0800] "GET /Bahoot/SQL?sql=SELECT%20*%20FROM%20questions%20WHERE%20id='3' HTTP/1.1" 200 180
127.0.0.1 - - [05/Apr/2023:23:21:50 +0800] "GET /Bahoot/SQL?sql=SELECT%20*%20FROM%20score%20WHERE%20userID='7'%20AND%20room_code='546456' HTTP/1.1" 200 65
127.0.0.1 - - [05/Apr/2023:23:21:50 +0800] "GET /Bahoot/SQL?sql=SELECT%20*%20FROM%20responses%20WHERE%20questionSetID='1'%20AND%20questionNo='3'%20AND%20userID='7'%20AND%20room_code='546456' HTTP/1.1" 200 5
127.0.0.1 - - [05/Apr/2023:23:21:50 +0800] "GET /Bahoot/SQL?sql=SELECT%20current_question_id%20FROM%20session%20WHERE%20room_code%20=%20'546456' HTTP/1.1" 200 33
192.168.1.94 - - [05/Apr/2023:23:21:51 +0800] "GET /Bahoot/SQL?sql=SELECT%20current_question_id%20FROM%20session%20WHERE%20room_code%20=%20'546456' HTTP/1.1" 200 33
127.0.0.1 - - [05/Apr/2023:23:21:51 +0800] "GET /Bahoot/SQL?sql=SELECT%20current_question_id%20FROM%20session%20WHERE%20room_code%20=%20'546456' HTTP/1.1" 200 33
192.168.1.94 - - [05/Apr/2023:23:21:52 +0800] "GET /Bahoot/SQL?sql=SELECT%20current_question_id%20FROM%20session%20WHERE%20room_code%20=%20'546456' HTTP/1.1" 200 33
127.0.0.1 - - [05/Apr/2023:23:21:52 +0800] "GET /Bahoot/SQL?sql=SELECT%20current_question_id%20FROM%20session%20WHERE%20room_code%20=%20'546456' HTTP/1.1" 200 33
192.168.1.94 - - [05/Apr/2023:23:21:53 +0800] "GET /Bahoot/SQL?sql=SELECT%20current_question_id%20FROM%20session%20WHERE%20room_code%20=%20'546456' HTTP/1.1" 200 33
127.0.0.1 - - [05/Apr/2023:23:21:53 +0800] "GET /Bahoot/response?option=4&userID=7&room_code=546456&userComment=null&qnSetID=1&qnNo=3 HTTP/1.1" 200 -
127.0.0.1 - - [05/Apr/2023:23:21:53 +0800] "GET /Bahoot/SQL?sql=SELECT%20current_question_id%20FROM%20session%20WHERE%20room_code%20=%20'546456' HTTP/1.1" 200 33
127.0.0.1 - - [05/Apr/2023:23:21:53 +0800] "GET /Bahoot/SQL?sql=UPDATE%20SCORE%20SET%20score='2'%20WHERE%20userID='7'%20AND%20room_code='546456' HTTP/1.1" 200 5
192.168.1.94 - - [05/Apr/2023:23:21:54 +0800] "GET /Bahoot/SQL?sql=SELECT%20current_question_id%20FROM%20session%20WHERE%20room_code%20=%20'546456' HTTP/1.1" 200 33
127.0.0.1 - - [05/Apr/2023:23:21:54 +0800] "GET /Bahoot/SQL?sql=SELECT%20current_question_id%20FROM%20session%20WHERE%20room_code%20=%20'546456' HTTP/1.1" 200 33
192.168.1.94 - - [05/Apr/2023:23:21:55 +0800] "GET /Bahoot/SQL?sql=SELECT%20current_question_id%20FROM%20session%20WHERE%20room_code%20=%20'546456' HTTP/1.1" 200 33
127.0.0.1 - - [05/Apr/2023:23:21:55 +0800] "GET /Bahoot/SQL?sql=SELECT%20current_question_id%20FROM%20session%20WHERE%20room_code%20=%20'546456' HTTP/1.1" 200 33
192.168.1.94 - - [05/Apr/2023:23:21:56 +0800] "GET /Bahoot/SQL?sql=SELECT%20current_question_id%20FROM%20session%20WHERE%20room_code%20=%20'546456' HTTP/1.1" 200 33
127.0.0.1 - - [05/Apr/2023:23:21:56 +0800] "GET /Bahoot/SQL?sql=SELECT%20current_question_id%20FROM%20session%20WHERE%20room_code%20=%20'546456' HTTP/1.1" 200 33
0:0:0:0:0:0:0:1 - - [05/Apr/2023:23:21:56 +0800] "GET /Bahoot/viewQuestions?qnNo=4&setid=1&totalQn=5&room_code=546456 HTTP/1.1" 200 4038
0:0:0:0:0:0:0:1 - - [05/Apr/2023:23:21:56 +0800] "GET /Bahoot/style/style.css HTTP/1.1" 404 781
192.168.1.94 - - [05/Apr/2023:23:21:57 +0800] "GET /Bahoot/SQL?sql=SELECT%20current_question_id%20FROM%20session%20WHERE%20room_code%20=%20'546456' HTTP/1.1" 200 33
127.0.0.1 - - [05/Apr/2023:23:21:57 +0800] "GET /Bahoot/SQL?sql=SELECT%20current_question_id%20FROM%20session%20WHERE%20room_code%20=%20'546456' HTTP/1.1" 200 33
192.168.1.94 - - [05/Apr/2023:23:21:57 +0800] "GET /Bahoot/SQL?sql=SELECT%20current_question_id%20FROM%20session%20WHERE%20room_code%20=%20'546456' HTTP/1.1" 200 33
192.168.1.94 - - [05/Apr/2023:23:21:57 +0800] "GET /Bahoot/SQL?sql=SELECT%20current_question_id%20FROM%20session%20WHERE%20room_code%20=%20'546456' HTTP/1.1" 200 33
192.168.1.94 - - [05/Apr/2023:23:21:58 +0800] "GET /Bahoot/SQL?sql=SELECT%20*%20FROM%20questions%20WHERE%20id='4' HTTP/1.1" 200 239
192.168.1.94 - - [05/Apr/2023:23:21:58 +0800] "GET /Bahoot/SQL?sql=SELECT%20*%20FROM%20score%20WHERE%20userID='6'%20AND%20room_code='546456' HTTP/1.1" 200 62
192.168.1.94 - - [05/Apr/2023:23:21:58 +0800] "GET /Bahoot/SQL?sql=SELECT%20*%20FROM%20responses%20WHERE%20questionSetID='1'%20AND%20questionNo='4'%20AND%20userID='6'%20AND%20room_code='546456' HTTP/1.1" 200 5
192.168.1.94 - - [05/Apr/2023:23:21:59 +0800] "GET /Bahoot/SQL?sql=SELECT%20current_question_id%20FROM%20session%20WHERE%20room_code%20=%20'546456' HTTP/1.1" 200 33
192.168.1.94 - - [05/Apr/2023:23:22:00 +0800] "GET /Bahoot/SQL?sql=SELECT%20current_question_id%20FROM%20session%20WHERE%20room_code%20=%20'546456' HTTP/1.1" 200 33
127.0.0.1 - - [05/Apr/2023:23:22:00 +0800] "GET /Bahoot/SQL?sql=SELECT%20current_question_id%20FROM%20session%20WHERE%20room_code%20=%20'546456' HTTP/1.1" 200 33
127.0.0.1 - - [05/Apr/2023:23:22:00 +0800] "GET /Bahoot/SQL?sql=SELECT%20*%20FROM%20questions%20WHERE%20id='4' HTTP/1.1" 200 239
127.0.0.1 - - [05/Apr/2023:23:22:00 +0800] "GET /Bahoot/SQL?sql=SELECT%20*%20FROM%20score%20WHERE%20userID='7'%20AND%20room_code='546456' HTTP/1.1" 200 65
127.0.0.1 - - [05/Apr/2023:23:22:00 +0800] "GET /Bahoot/SQL?sql=SELECT%20current_question_id%20FROM%20session%20WHERE%20room_code%20=%20'546456' HTTP/1.1" 200 33
127.0.0.1 - - [05/Apr/2023:23:22:00 +0800] "GET /Bahoot/SQL?sql=SELECT%20*%20FROM%20responses%20WHERE%20questionSetID='1'%20AND%20questionNo='4'%20AND%20userID='7'%20AND%20room_code='546456' HTTP/1.1" 200 5
192.168.1.94 - - [05/Apr/2023:23:22:01 +0800] "GET /Bahoot/SQL?sql=SELECT%20current_question_id%20FROM%20session%20WHERE%20room_code%20=%20'546456' HTTP/1.1" 200 33
127.0.0.1 - - [05/Apr/2023:23:22:01 +0800] "GET /Bahoot/SQL?sql=SELECT%20current_question_id%20FROM%20session%20WHERE%20room_code%20=%20'546456' HTTP/1.1" 200 33
192.168.1.94 - - [05/Apr/2023:23:22:02 +0800] "GET /Bahoot/SQL?sql=SELECT%20current_question_id%20FROM%20session%20WHERE%20room_code%20=%20'546456' HTTP/1.1" 200 33
127.0.0.1 - - [05/Apr/2023:23:22:02 +0800] "GET /Bahoot/SQL?sql=SELECT%20current_question_id%20FROM%20session%20WHERE%20room_code%20=%20'546456' HTTP/1.1" 200 33
192.168.1.94 - - [05/Apr/2023:23:22:03 +0800] "GET /Bahoot/SQL?sql=SELECT%20current_question_id%20FROM%20session%20WHERE%20room_code%20=%20'546456' HTTP/1.1" 200 33
192.168.1.94 - - [05/Apr/2023:23:22:03 +0800] "GET /Bahoot/response?option=2&userID=6&room_code=546456&userComment=null&qnSetID=1&qnNo=4 HTTP/1.1" 200 -
192.168.1.94 - - [05/Apr/2023:23:22:03 +0800] "GET /Bahoot/SQL?sql=UPDATE%20SCORE%20SET%20score='4'%20WHERE%20userID='6'%20AND%20room_code='546456' HTTP/1.1" 200 5
127.0.0.1 - - [05/Apr/2023:23:22:03 +0800] "GET /Bahoot/SQL?sql=SELECT%20current_question_id%20FROM%20session%20WHERE%20room_code%20=%20'546456' HTTP/1.1" 200 33
127.0.0.1 - - [05/Apr/2023:23:22:03 +0800] "GET /Bahoot/response?option=2&userID=7&room_code=546456&userComment=null&qnSetID=1&qnNo=4 HTTP/1.1" 200 -
127.0.0.1 - - [05/Apr/2023:23:22:03 +0800] "GET /Bahoot/SQL?sql=UPDATE%20SCORE%20SET%20score='3'%20WHERE%20userID='7'%20AND%20room_code='546456' HTTP/1.1" 200 5
192.168.1.94 - - [05/Apr/2023:23:22:04 +0800] "GET /Bahoot/SQL?sql=SELECT%20current_question_id%20FROM%20session%20WHERE%20room_code%20=%20'546456' HTTP/1.1" 200 33
127.0.0.1 - - [05/Apr/2023:23:22:04 +0800] "GET /Bahoot/SQL?sql=SELECT%20current_question_id%20FROM%20session%20WHERE%20room_code%20=%20'546456' HTTP/1.1" 200 33
192.168.1.94 - - [05/Apr/2023:23:22:05 +0800] "GET /Bahoot/SQL?sql=SELECT%20current_question_id%20FROM%20session%20WHERE%20room_code%20=%20'546456' HTTP/1.1" 200 33
127.0.0.1 - - [05/Apr/2023:23:22:05 +0800] "GET /Bahoot/SQL?sql=SELECT%20current_question_id%20FROM%20session%20WHERE%20room_code%20=%20'546456' HTTP/1.1" 200 33
192.168.1.94 - - [05/Apr/2023:23:22:06 +0800] "GET /Bahoot/SQL?sql=SELECT%20current_question_id%20FROM%20session%20WHERE%20room_code%20=%20'546456' HTTP/1.1" 200 33
127.0.0.1 - - [05/Apr/2023:23:22:06 +0800] "GET /Bahoot/SQL?sql=SELECT%20current_question_id%20FROM%20session%20WHERE%20room_code%20=%20'546456' HTTP/1.1" 200 33
192.168.1.94 - - [05/Apr/2023:23:22:07 +0800] "GET /Bahoot/SQL?sql=SELECT%20current_question_id%20FROM%20session%20WHERE%20room_code%20=%20'546456' HTTP/1.1" 200 33
127.0.0.1 - - [05/Apr/2023:23:22:07 +0800] "GET /Bahoot/SQL?sql=SELECT%20current_question_id%20FROM%20session%20WHERE%20room_code%20=%20'546456' HTTP/1.1" 200 33
192.168.1.94 - - [05/Apr/2023:23:22:08 +0800] "GET /Bahoot/SQL?sql=SELECT%20current_question_id%20FROM%20session%20WHERE%20room_code%20=%20'546456' HTTP/1.1" 200 33
127.0.0.1 - - [05/Apr/2023:23:22:08 +0800] "GET /Bahoot/SQL?sql=SELECT%20current_question_id%20FROM%20session%20WHERE%20room_code%20=%20'546456' HTTP/1.1" 200 33
192.168.1.94 - - [05/Apr/2023:23:22:09 +0800] "GET /Bahoot/SQL?sql=SELECT%20current_question_id%20FROM%20session%20WHERE%20room_code%20=%20'546456' HTTP/1.1" 200 33
127.0.0.1 - - [05/Apr/2023:23:22:09 +0800] "GET /Bahoot/SQL?sql=SELECT%20current_question_id%20FROM%20session%20WHERE%20room_code%20=%20'546456' HTTP/1.1" 200 33
192.168.1.94 - - [05/Apr/2023:23:22:10 +0800] "GET /Bahoot/SQL?sql=SELECT%20current_question_id%20FROM%20session%20WHERE%20room_code%20=%20'546456' HTTP/1.1" 200 33
127.0.0.1 - - [05/Apr/2023:23:22:10 +0800] "GET /Bahoot/SQL?sql=SELECT%20current_question_id%20FROM%20session%20WHERE%20room_code%20=%20'546456' HTTP/1.1" 200 33
192.168.1.94 - - [05/Apr/2023:23:22:11 +0800] "GET /Bahoot/SQL?sql=SELECT%20current_question_id%20FROM%20session%20WHERE%20room_code%20=%20'546456' HTTP/1.1" 200 33
127.0.0.1 - - [05/Apr/2023:23:22:11 +0800] "GET /Bahoot/SQL?sql=SELECT%20current_question_id%20FROM%20session%20WHERE%20room_code%20=%20'546456' HTTP/1.1" 200 33
192.168.1.94 - - [05/Apr/2023:23:22:12 +0800] "GET /Bahoot/SQL?sql=SELECT%20current_question_id%20FROM%20session%20WHERE%20room_code%20=%20'546456' HTTP/1.1" 200 33
127.0.0.1 - - [05/Apr/2023:23:22:12 +0800] "GET /Bahoot/SQL?sql=SELECT%20current_question_id%20FROM%20session%20WHERE%20room_code%20=%20'546456' HTTP/1.1" 200 33
192.168.1.94 - - [05/Apr/2023:23:22:13 +0800] "GET /Bahoot/SQL?sql=SELECT%20current_question_id%20FROM%20session%20WHERE%20room_code%20=%20'546456' HTTP/1.1" 200 33
127.0.0.1 - - [05/Apr/2023:23:22:13 +0800] "GET /Bahoot/SQL?sql=UPDATE%20responses%20SET%20comment='asdasd'%20WHERE%20id='89' HTTP/1.1" 200 5
127.0.0.1 - - [05/Apr/2023:23:22:13 +0800] "GET /Bahoot/SQL?sql=SELECT%20current_question_id%20FROM%20session%20WHERE%20room_code%20=%20'546456' HTTP/1.1" 200 33
192.168.1.94 - - [05/Apr/2023:23:22:14 +0800] "GET /Bahoot/SQL?sql=SELECT%20current_question_id%20FROM%20session%20WHERE%20room_code%20=%20'546456' HTTP/1.1" 200 33
192.168.1.94 - - [05/Apr/2023:23:22:15 +0800] "GET /Bahoot/SQL?sql=SELECT%20current_question_id%20FROM%20session%20WHERE%20room_code%20=%20'546456' HTTP/1.1" 200 33
192.168.1.94 - - [05/Apr/2023:23:22:16 +0800] "GET /Bahoot/SQL?sql=SELECT%20current_question_id%20FROM%20session%20WHERE%20room_code%20=%20'546456' HTTP/1.1" 200 33
192.168.1.94 - - [05/Apr/2023:23:22:16 +0800] "GET /Bahoot/SQL?sql=UPDATE%20responses%20SET%20comment='ddf'%20WHERE%20id='88' HTTP/1.1" 200 5
192.168.1.94 - - [05/Apr/2023:23:22:17 +0800] "GET /Bahoot/SQL?sql=SELECT%20current_question_id%20FROM%20session%20WHERE%20room_code%20=%20'546456' HTTP/1.1" 200 33
192.168.1.94 - - [05/Apr/2023:23:22:18 +0800] "GET /Bahoot/SQL?sql=SELECT%20current_question_id%20FROM%20session%20WHERE%20room_code%20=%20'546456' HTTP/1.1" 200 33
192.168.1.94 - - [05/Apr/2023:23:22:19 +0800] "GET /Bahoot/SQL?sql=SELECT%20current_question_id%20FROM%20session%20WHERE%20room_code%20=%20'546456' HTTP/1.1" 200 33
192.168.1.94 - - [05/Apr/2023:23:22:20 +0800] "GET /Bahoot/SQL?sql=SELECT%20current_question_id%20FROM%20session%20WHERE%20room_code%20=%20'546456' HTTP/1.1" 200 33
192.168.1.94 - - [05/Apr/2023:23:22:21 +0800] "GET /Bahoot/SQL?sql=SELECT%20current_question_id%20FROM%20session%20WHERE%20room_code%20=%20'546456' HTTP/1.1" 200 33
192.168.1.94 - - [05/Apr/2023:23:22:22 +0800] "GET /Bahoot/SQL?sql=SELECT%20current_question_id%20FROM%20session%20WHERE%20room_code%20=%20'546456' HTTP/1.1" 200 33
192.168.1.94 - - [05/Apr/2023:23:22:23 +0800] "GET /Bahoot/SQL?sql=SELECT%20current_question_id%20FROM%20session%20WHERE%20room_code%20=%20'546456' HTTP/1.1" 200 33
0:0:0:0:0:0:0:1 - - [05/Apr/2023:23:22:23 +0800] "GET /Bahoot/viewQuestions?qnNo=5&setid=1&totalQn=5&room_code=546456 HTTP/1.1" 200 3973
0:0:0:0:0:0:0:1 - - [05/Apr/2023:23:22:23 +0800] "GET /Bahoot/style/style.css HTTP/1.1" 404 781
192.168.1.94 - - [05/Apr/2023:23:22:24 +0800] "GET /Bahoot/SQL?sql=SELECT%20current_question_id%20FROM%20session%20WHERE%20room_code%20=%20'546456' HTTP/1.1" 200 33
127.0.0.1 - - [05/Apr/2023:23:22:56 +0800] "GET /Bahoot/login?email=test@gmail.com&password=123123 HTTP/1.1" 200 5
127.0.0.1 - - [05/Apr/2023:23:23:03 +0800] "GET /Bahoot/SQL?sql=SELECT%20*%20FROM%20session%20WHERE%20room_code%20=%20'546456' HTTP/1.1" 200 56
127.0.0.1 - - [05/Apr/2023:23:23:04 +0800] "GET /Bahoot/SQL?sql=SELECT%20current_question_id%20FROM%20session%20WHERE%20room_code%20=%20'546456' HTTP/1.1" 200 33
127.0.0.1 - - [05/Apr/2023:23:23:05 +0800] "GET /Bahoot/SQL?sql=SELECT%20current_question_id%20FROM%20session%20WHERE%20room_code%20=%20'546456' HTTP/1.1" 200 33
127.0.0.1 - - [05/Apr/2023:23:23:06 +0800] "GET /Bahoot/SQL?sql=SELECT%20current_question_id%20FROM%20session%20WHERE%20room_code%20=%20'546456' HTTP/1.1" 200 33
127.0.0.1 - - [05/Apr/2023:23:23:06 +0800] "GET /Bahoot/SQL?sql=SELECT%20*%20FROM%20questions%20WHERE%20id='5' HTTP/1.1" 200 174
127.0.0.1 - - [05/Apr/2023:23:23:06 +0800] "GET /Bahoot/SQL?sql=SELECT%20*%20FROM%20score%20WHERE%20userID='7'%20AND%20room_code='546456' HTTP/1.1" 200 65
127.0.0.1 - - [05/Apr/2023:23:23:06 +0800] "GET /Bahoot/SQL?sql=SELECT%20*%20FROM%20responses%20WHERE%20questionSetID='1'%20AND%20questionNo='5'%20AND%20userID='7'%20AND%20room_code='546456' HTTP/1.1" 200 5
127.0.0.1 - - [05/Apr/2023:23:23:06 +0800] "GET /Bahoot/SQL?sql=SELECT%20current_question_id%20FROM%20session%20WHERE%20room_code%20=%20'546456' HTTP/1.1" 200 33
127.0.0.1 - - [05/Apr/2023:23:23:07 +0800] "GET /Bahoot/SQL?sql=SELECT%20current_question_id%20FROM%20session%20WHERE%20room_code%20=%20'546456' HTTP/1.1" 200 33
127.0.0.1 - - [05/Apr/2023:23:23:08 +0800] "GET /Bahoot/SQL?sql=SELECT%20current_question_id%20FROM%20session%20WHERE%20room_code%20=%20'546456' HTTP/1.1" 200 33
127.0.0.1 - - [05/Apr/2023:23:23:09 +0800] "GET /Bahoot/SQL?sql=SELECT%20current_question_id%20FROM%20session%20WHERE%20room_code%20=%20'546456' HTTP/1.1" 200 33
127.0.0.1 - - [05/Apr/2023:23:23:10 +0800] "GET /Bahoot/response?option=3&userID=7&room_code=546456&userComment=null&qnSetID=1&qnNo=5 HTTP/1.1" 200 -
127.0.0.1 - - [05/Apr/2023:23:23:10 +0800] "GET /Bahoot/SQL?sql=SELECT%20current_question_id%20FROM%20session%20WHERE%20room_code%20=%20'546456' HTTP/1.1" 200 33
127.0.0.1 - - [05/Apr/2023:23:23:11 +0800] "GET /Bahoot/SQL?sql=SELECT%20current_question_id%20FROM%20session%20WHERE%20room_code%20=%20'546456' HTTP/1.1" 200 33
127.0.0.1 - - [05/Apr/2023:23:23:12 +0800] "GET /Bahoot/SQL?sql=SELECT%20current_question_id%20FROM%20session%20WHERE%20room_code%20=%20'546456' HTTP/1.1" 200 33
192.168.1.94 - - [05/Apr/2023:23:23:12 +0800] "GET /Bahoot/SQL?sql=SELECT%20current_question_id%20FROM%20session%20WHERE%20room_code%20=%20'546456' HTTP/1.1" 200 33
192.168.1.94 - - [05/Apr/2023:23:23:12 +0800] "GET /Bahoot/SQL?sql=SELECT%20*%20FROM%20questions%20WHERE%20id='5' HTTP/1.1" 200 174
192.168.1.94 - - [05/Apr/2023:23:23:12 +0800] "GET /Bahoot/SQL?sql=SELECT%20current_question_id%20FROM%20session%20WHERE%20room_code%20=%20'546456' HTTP/1.1" 200 33
192.168.1.94 - - [05/Apr/2023:23:23:12 +0800] "GET /Bahoot/SQL?sql=SELECT%20*%20FROM%20score%20WHERE%20userID='6'%20AND%20room_code='546456' HTTP/1.1" 200 62
192.168.1.94 - - [05/Apr/2023:23:23:12 +0800] "GET /Bahoot/SQL?sql=SELECT%20*%20FROM%20responses%20WHERE%20questionSetID='1'%20AND%20questionNo='5'%20AND%20userID='6'%20AND%20room_code='546456' HTTP/1.1" 200 5
127.0.0.1 - - [05/Apr/2023:23:23:13 +0800] "GET /Bahoot/SQL?sql=SELECT%20current_question_id%20FROM%20session%20WHERE%20room_code%20=%20'546456' HTTP/1.1" 200 33
192.168.1.94 - - [05/Apr/2023:23:23:13 +0800] "GET /Bahoot/response?option=3&userID=6&room_code=546456&userComment=null&qnSetID=1&qnNo=5 HTTP/1.1" 200 -
192.168.1.94 - - [05/Apr/2023:23:23:13 +0800] "GET /Bahoot/SQL?sql=SELECT%20current_question_id%20FROM%20session%20WHERE%20room_code%20=%20'546456' HTTP/1.1" 200 33
127.0.0.1 - - [05/Apr/2023:23:23:14 +0800] "GET /Bahoot/SQL?sql=SELECT%20current_question_id%20FROM%20session%20WHERE%20room_code%20=%20'546456' HTTP/1.1" 200 33
192.168.1.94 - - [05/Apr/2023:23:23:14 +0800] "GET /Bahoot/SQL?sql=SELECT%20current_question_id%20FROM%20session%20WHERE%20room_code%20=%20'546456' HTTP/1.1" 200 33
127.0.0.1 - - [05/Apr/2023:23:23:15 +0800] "GET /Bahoot/SQL?sql=SELECT%20current_question_id%20FROM%20session%20WHERE%20room_code%20=%20'546456' HTTP/1.1" 200 33
192.168.1.94 - - [05/Apr/2023:23:23:15 +0800] "GET /Bahoot/SQL?sql=SELECT%20current_question_id%20FROM%20session%20WHERE%20room_code%20=%20'546456' HTTP/1.1" 200 33
127.0.0.1 - - [05/Apr/2023:23:23:16 +0800] "GET /Bahoot/SQL?sql=SELECT%20current_question_id%20FROM%20session%20WHERE%20room_code%20=%20'546456' HTTP/1.1" 200 33
192.168.1.94 - - [05/Apr/2023:23:23:16 +0800] "GET /Bahoot/SQL?sql=SELECT%20current_question_id%20FROM%20session%20WHERE%20room_code%20=%20'546456' HTTP/1.1" 200 33
127.0.0.1 - - [05/Apr/2023:23:23:17 +0800] "GET /Bahoot/SQL?sql=SELECT%20current_question_id%20FROM%20session%20WHERE%20room_code%20=%20'546456' HTTP/1.1" 200 34
0:0:0:0:0:0:0:1 - - [05/Apr/2023:23:23:17 +0800] "GET /Bahoot/viewQuestions?qnNo=6&setid=1&totalQn=5&room_code=546456 HTTP/1.1" 200 29601
0:0:0:0:0:0:0:1 - - [05/Apr/2023:23:23:17 +0800] "GET /Bahoot/style/style.css HTTP/1.1" 404 781
192.168.1.94 - - [05/Apr/2023:23:23:17 +0800] "GET /Bahoot/SQL?sql=SELECT%20current_question_id%20FROM%20session%20WHERE%20room_code%20=%20'546456' HTTP/1.1" 200 34
192.168.1.94 - - [05/Apr/2023:23:23:19 +0800] "GET /Bahoot/getScore?userID=6&room_code=546456 HTTP/1.1" 200 11
127.0.0.1 - - [05/Apr/2023:23:23:21 +0800] "GET /Bahoot/getScore?userID=7&room_code=546456 HTTP/1.1" 200 11
0:0:0:0:0:0:0:1 - - [05/Apr/2023:23:23:52 +0800] "POST /Bahoot/endSession HTTP/1.1" 200 1908
0:0:0:0:0:0:0:1 - - [05/Apr/2023:23:23:52 +0800] "GET /Bahoot/style/style.css HTTP/1.1" 404 781
0:0:0:0:0:0:0:1 - - [05/Apr/2023:23:24:11 +0800] "GET /Bahoot/selection.jsp?room_code=774537 HTTP/1.1" 200 15291
0:0:0:0:0:0:0:1 - - [05/Apr/2023:23:24:11 +0800] "GET /Bahoot/style/style.css HTTP/1.1" 404 781
127.0.0.1 - - [05/Apr/2023:23:24:19 +0800] "GET /Bahoot/SQL?sql=SELECT%20*%20FROM%20session%20WHERE%20room_code%20=%20'774537' HTTP/1.1" 200 55
127.0.0.1 - - [05/Apr/2023:23:24:20 +0800] "GET /Bahoot/SQL?sql=SELECT%20current_question_id%20FROM%20session%20WHERE%20room_code%20=%20'774537' HTTP/1.1" 200 33
127.0.0.1 - - [05/Apr/2023:23:24:21 +0800] "GET /Bahoot/SQL?sql=SELECT%20current_question_id%20FROM%20session%20WHERE%20room_code%20=%20'774537' HTTP/1.1" 200 33
127.0.0.1 - - [05/Apr/2023:23:24:21 +0800] "GET /Bahoot/SQL?sql=SELECT%20current_question_id%20FROM%20session%20WHERE%20room_code%20=%20'774537' HTTP/1.1" 200 33
127.0.0.1 - - [05/Apr/2023:23:24:22 +0800] "GET /Bahoot/SQL?sql=SELECT%20*%20FROM%20questions%20WHERE%20id='5' HTTP/1.1" 200 174
127.0.0.1 - - [05/Apr/2023:23:24:22 +0800] "GET /Bahoot/SQL?sql=SELECT%20current_question_id%20FROM%20session%20WHERE%20room_code%20=%20'774537' HTTP/1.1" 200 33
127.0.0.1 - - [05/Apr/2023:23:24:22 +0800] "GET /Bahoot/SQL?sql=SELECT%20*%20FROM%20score%20WHERE%20userID='7'%20AND%20room_code='774537' HTTP/1.1" 200 5
127.0.0.1 - - [05/Apr/2023:23:24:22 +0800] "GET /Bahoot/SQL?sql=SELECT%20*%20FROM%20responses%20WHERE%20questionSetID='1'%20AND%20questionNo='5'%20AND%20userID='7'%20AND%20room_code='774537' HTTP/1.1" 200 5
127.0.0.1 - - [05/Apr/2023:23:24:22 +0800] "GET /Bahoot/SQL?sql=INSERT%20INTO%20score%20(room_code,%20userID,%20name,%20score)%20VALUES%20('774537',%20'7',%20'testname',%20'0') HTTP/1.1" 200 5
127.0.0.1 - - [05/Apr/2023:23:24:23 +0800] "GET /Bahoot/SQL?sql=SELECT%20current_question_id%20FROM%20session%20WHERE%20room_code%20=%20'774537' HTTP/1.1" 200 33
127.0.0.1 - - [05/Apr/2023:23:24:24 +0800] "GET /Bahoot/SQL?sql=SELECT%20current_question_id%20FROM%20session%20WHERE%20room_code%20=%20'774537' HTTP/1.1" 200 33
127.0.0.1 - - [05/Apr/2023:23:24:25 +0800] "GET /Bahoot/SQL?sql=SELECT%20current_question_id%20FROM%20session%20WHERE%20room_code%20=%20'774537' HTTP/1.1" 200 33
127.0.0.1 - - [05/Apr/2023:23:24:26 +0800] "GET /Bahoot/SQL?sql=SELECT%20current_question_id%20FROM%20session%20WHERE%20room_code%20=%20'774537' HTTP/1.1" 200 33
127.0.0.1 - - [05/Apr/2023:23:24:27 +0800] "GET /Bahoot/SQL?sql=SELECT%20current_question_id%20FROM%20session%20WHERE%20room_code%20=%20'774537' HTTP/1.1" 200 33
127.0.0.1 - - [05/Apr/2023:23:24:28 +0800] "GET /Bahoot/SQL?sql=SELECT%20current_question_id%20FROM%20session%20WHERE%20room_code%20=%20'774537' HTTP/1.1" 200 33
127.0.0.1 - - [05/Apr/2023:23:24:29 +0800] "GET /Bahoot/SQL?sql=SELECT%20current_question_id%20FROM%20session%20WHERE%20room_code%20=%20'774537' HTTP/1.1" 200 33
127.0.0.1 - - [05/Apr/2023:23:24:30 +0800] "GET /Bahoot/SQL?sql=SELECT%20current_question_id%20FROM%20session%20WHERE%20room_code%20=%20'774537' HTTP/1.1" 200 33
0:0:0:0:0:0:0:1 - - [05/Apr/2023:23:24:31 +0800] "POST /Bahoot/endSession HTTP/1.1" 200 1908
127.0.0.1 - - [05/Apr/2023:23:24:31 +0800] "GET /Bahoot/SQL?sql=SELECT%20current_question_id%20FROM%20session%20WHERE%20room_code%20=%20'774537' HTTP/1.1" 200 5
0:0:0:0:0:0:0:1 - - [05/Apr/2023:23:24:31 +0800] "GET /Bahoot/style/style.css HTTP/1.1" 404 781
127.0.0.1 - - [05/Apr/2023:23:24:32 +0800] "GET /Bahoot/SQL?sql=SELECT%20current_question_id%20FROM%20session%20WHERE%20room_code%20=%20'774537' HTTP/1.1" 200 5
127.0.0.1 - - [05/Apr/2023:23:24:33 +0800] "GET /Bahoot/SQL?sql=SELECT%20current_question_id%20FROM%20session%20WHERE%20room_code%20=%20'774537' HTTP/1.1" 200 5
127.0.0.1 - - [05/Apr/2023:23:24:34 +0800] "GET /Bahoot/SQL?sql=SELECT%20current_question_id%20FROM%20session%20WHERE%20room_code%20=%20'774537' HTTP/1.1" 200 5
127.0.0.1 - - [05/Apr/2023:23:24:35 +0800] "GET /Bahoot/SQL?sql=SELECT%20current_question_id%20FROM%20session%20WHERE%20room_code%20=%20'774537' HTTP/1.1" 200 5
127.0.0.1 - - [05/Apr/2023:23:24:36 +0800] "GET /Bahoot/SQL?sql=SELECT%20current_question_id%20FROM%20session%20WHERE%20room_code%20=%20'774537' HTTP/1.1" 200 5
127.0.0.1 - - [05/Apr/2023:23:24:37 +0800] "GET /Bahoot/SQL?sql=SELECT%20current_question_id%20FROM%20session%20WHERE%20room_code%20=%20'774537' HTTP/1.1" 200 5
127.0.0.1 - - [05/Apr/2023:23:24:38 +0800] "GET /Bahoot/SQL?sql=SELECT%20current_question_id%20FROM%20session%20WHERE%20room_code%20=%20'774537' HTTP/1.1" 200 5
127.0.0.1 - - [05/Apr/2023:23:24:39 +0800] "GET /Bahoot/SQL?sql=SELECT%20current_question_id%20FROM%20session%20WHERE%20room_code%20=%20'774537' HTTP/1.1" 200 5
127.0.0.1 - - [05/Apr/2023:23:24:42 +0800] "GET /Bahoot/response?&userID=7&room_code=774537&userComment=null&qnSetID=1&qnNo=5 HTTP/1.1" 200 -
127.0.0.1 - - [05/Apr/2023:23:24:50 +0800] "GET /Bahoot/login?email=test@gmail.com&password=123123 HTTP/1.1" 200 5
0:0:0:0:0:0:0:1 - - [05/Apr/2023:23:25:26 +0800] "GET /Bahoot/selection.jsp?room_code=774537 HTTP/1.1" 200 6942
0:0:0:0:0:0:0:1 - - [05/Apr/2023:23:25:26 +0800] "GET /Bahoot/style/style.css HTTP/1.1" 404 781
127.0.0.1 - - [05/Apr/2023:23:25:40 +0800] "GET /Bahoot/SQL?sql=SELECT%20*%20FROM%20session%20WHERE%20room_code%20=%20'774537' HTTP/1.1" 200 55
192.168.1.94 - - [05/Apr/2023:23:25:41 +0800] "GET /Bahoot/SQL?sql=SELECT%20*%20FROM%20session%20WHERE%20room_code%20=%20'774537' HTTP/1.1" 200 55
192.168.1.94 - - [05/Apr/2023:23:25:41 +0800] "GET /Bahoot/SQL?sql=SELECT%20current_question_id%20FROM%20session%20WHERE%20room_code%20=%20'774537' HTTP/1.1" 200 33
127.0.0.1 - - [05/Apr/2023:23:25:41 +0800] "GET /Bahoot/SQL?sql=SELECT%20current_question_id%20FROM%20session%20WHERE%20room_code%20=%20'774537' HTTP/1.1" 200 33
192.168.1.94 - - [05/Apr/2023:23:25:42 +0800] "GET /Bahoot/SQL?sql=SELECT%20current_question_id%20FROM%20session%20WHERE%20room_code%20=%20'774537' HTTP/1.1" 200 33
127.0.0.1 - - [05/Apr/2023:23:25:42 +0800] "GET /Bahoot/SQL?sql=SELECT%20current_question_id%20FROM%20session%20WHERE%20room_code%20=%20'774537' HTTP/1.1" 200 33
192.168.1.94 - - [05/Apr/2023:23:25:43 +0800] "GET /Bahoot/SQL?sql=SELECT%20current_question_id%20FROM%20session%20WHERE%20room_code%20=%20'774537' HTTP/1.1" 200 33
127.0.0.1 - - [05/Apr/2023:23:25:43 +0800] "GET /Bahoot/SQL?sql=SELECT%20current_question_id%20FROM%20session%20WHERE%20room_code%20=%20'774537' HTTP/1.1" 200 33
0:0:0:0:0:0:0:1 - - [05/Apr/2023:23:25:43 +0800] "GET /Bahoot/viewQuestions?setid=1&totalQn=5&room_code=774537 HTTP/1.1" 200 3994
0:0:0:0:0:0:0:1 - - [05/Apr/2023:23:25:43 +0800] "GET /Bahoot/style/style.css HTTP/1.1" 404 781
192.168.1.94 - - [05/Apr/2023:23:25:44 +0800] "GET /Bahoot/SQL?sql=SELECT%20current_question_id%20FROM%20session%20WHERE%20room_code%20=%20'774537' HTTP/1.1" 200 33
127.0.0.1 - - [05/Apr/2023:23:25:44 +0800] "GET /Bahoot/SQL?sql=SELECT%20current_question_id%20FROM%20session%20WHERE%20room_code%20=%20'774537' HTTP/1.1" 200 33
192.168.1.94 - - [05/Apr/2023:23:25:44 +0800] "GET /Bahoot/SQL?sql=SELECT%20current_question_id%20FROM%20session%20WHERE%20room_code%20=%20'774537' HTTP/1.1" 200 33
192.168.1.94 - - [05/Apr/2023:23:25:44 +0800] "GET /Bahoot/SQL?sql=SELECT%20*%20FROM%20questions%20WHERE%20id='1' HTTP/1.1" 200 33
192.168.1.94 - - [05/Apr/2023:23:25:44 +0800] "GET /Bahoot/SQL?sql=SELECT%20current_question_id%20FROM%20session%20WHERE%20room_code%20=%20'774537' HTTP/1.1" 200 33
127.0.0.1 - - [05/Apr/2023:23:25:45 +0800] "GET /Bahoot/SQL?sql=SELECT%20current_question_id%20FROM%20session%20WHERE%20room_code%20=%20'774537' HTTP/1.1" 200 33
127.0.0.1 - - [05/Apr/2023:23:25:45 +0800] "GET /Bahoot/SQL?sql=SELECT%20*%20FROM%20questions%20WHERE%20id='1' HTTP/1.1" 200 195
127.0.0.1 - - [05/Apr/2023:23:25:45 +0800] "GET /Bahoot/SQL?sql=SELECT%20current_question_id%20FROM%20session%20WHERE%20room_code%20=%20'774537' HTTP/1.1" 200 33
127.0.0.1 - - [05/Apr/2023:23:25:45 +0800] "GET /Bahoot/SQL?sql=SELECT%20*%20FROM%20score%20WHERE%20userID='7'%20AND%20room_code='774537' HTTP/1.1" 200 5
127.0.0.1 - - [05/Apr/2023:23:25:45 +0800] "GET /Bahoot/SQL?sql=SELECT%20*%20FROM%20responses%20WHERE%20questionSetID='1'%20AND%20questionNo='1'%20AND%20userID='7'%20AND%20room_code='774537' HTTP/1.1" 200 5
127.0.0.1 - - [05/Apr/2023:23:25:45 +0800] "GET /Bahoot/SQL?sql=INSERT%20INTO%20score%20(room_code,%20userID,%20name,%20score)%20VALUES%20('774537',%20'7',%20'testname',%20'0') HTTP/1.1" 200 5
192.168.1.94 - - [05/Apr/2023:23:25:45 +0800] "GET /Bahoot/SQL?sql=SELECT%20current_question_id%20FROM%20session%20WHERE%20room_code%20=%20'774537' HTTP/1.1" 200 33
127.0.0.1 - - [05/Apr/2023:23:25:46 +0800] "GET /Bahoot/SQL?sql=SELECT%20current_question_id%20FROM%20session%20WHERE%20room_code%20=%20'774537' HTTP/1.1" 200 33
192.168.1.94 - - [05/Apr/2023:23:25:46 +0800] "GET /Bahoot/SQL?sql=SELECT%20current_question_id%20FROM%20session%20WHERE%20room_code%20=%20'774537' HTTP/1.1" 200 33
127.0.0.1 - - [05/Apr/2023:23:25:47 +0800] "GET /Bahoot/SQL?sql=SELECT%20current_question_id%20FROM%20session%20WHERE%20room_code%20=%20'774537' HTTP/1.1" 200 33
192.168.1.94 - - [05/Apr/2023:23:25:47 +0800] "GET /Bahoot/SQL?sql=SELECT%20current_question_id%20FROM%20session%20WHERE%20room_code%20=%20'774537' HTTP/1.1" 200 33
127.0.0.1 - - [05/Apr/2023:23:25:48 +0800] "GET /Bahoot/SQL?sql=SELECT%20current_question_id%20FROM%20session%20WHERE%20room_code%20=%20'774537' HTTP/1.1" 200 33
192.168.1.94 - - [05/Apr/2023:23:25:48 +0800] "GET /Bahoot/SQL?sql=SELECT%20current_question_id%20FROM%20session%20WHERE%20room_code%20=%20'774537' HTTP/1.1" 200 33
127.0.0.1 - - [05/Apr/2023:23:25:49 +0800] "GET /Bahoot/SQL?sql=SELECT%20current_question_id%20FROM%20session%20WHERE%20room_code%20=%20'774537' HTTP/1.1" 200 33
192.168.1.94 - - [05/Apr/2023:23:25:49 +0800] "GET /Bahoot/SQL?sql=SELECT%20current_question_id%20FROM%20session%20WHERE%20room_code%20=%20'774537' HTTP/1.1" 200 33
127.0.0.1 - - [05/Apr/2023:23:25:50 +0800] "GET /Bahoot/SQL?sql=SELECT%20current_question_id%20FROM%20session%20WHERE%20room_code%20=%20'774537' HTTP/1.1" 200 33
192.168.1.94 - - [05/Apr/2023:23:25:50 +0800] "GET /Bahoot/SQL?sql=SELECT%20current_question_id%20FROM%20session%20WHERE%20room_code%20=%20'774537' HTTP/1.1" 200 33
192.168.1.94 - - [05/Apr/2023:23:25:51 +0800] "GET /Bahoot/response?option=3&userID=6&room_code=774537&userComment=null&qnSetID=null&qnNo=null HTTP/1.1" 200 -
127.0.0.1 - - [05/Apr/2023:23:25:51 +0800] "GET /Bahoot/SQL?sql=SELECT%20current_question_id%20FROM%20session%20WHERE%20room_code%20=%20'774537' HTTP/1.1" 200 33
192.168.1.94 - - [05/Apr/2023:23:25:51 +0800] "GET /Bahoot/SQL?sql=SELECT%20current_question_id%20FROM%20session%20WHERE%20room_code%20=%20'774537' HTTP/1.1" 200 33
127.0.0.1 - - [05/Apr/2023:23:25:52 +0800] "GET /Bahoot/SQL?sql=SELECT%20current_question_id%20FROM%20session%20WHERE%20room_code%20=%20'774537' HTTP/1.1" 200 33
192.168.1.94 - - [05/Apr/2023:23:25:52 +0800] "GET /Bahoot/SQL?sql=SELECT%20current_question_id%20FROM%20session%20WHERE%20room_code%20=%20'774537' HTTP/1.1" 200 33
127.0.0.1 - - [05/Apr/2023:23:25:52 +0800] "GET /Bahoot/response?option=3&userID=7&room_code=774537&userComment=null&qnSetID=1&qnNo=1 HTTP/1.1" 200 -
127.0.0.1 - - [05/Apr/2023:23:25:53 +0800] "GET /Bahoot/SQL?sql=SELECT%20current_question_id%20FROM%20session%20WHERE%20room_code%20=%20'774537' HTTP/1.1" 200 33
192.168.1.94 - - [05/Apr/2023:23:25:53 +0800] "GET /Bahoot/SQL?sql=SELECT%20current_question_id%20FROM%20session%20WHERE%20room_code%20=%20'774537' HTTP/1.1" 200 33
127.0.0.1 - - [05/Apr/2023:23:25:54 +0800] "GET /Bahoot/SQL?sql=SELECT%20current_question_id%20FROM%20session%20WHERE%20room_code%20=%20'774537' HTTP/1.1" 200 33
192.168.1.94 - - [05/Apr/2023:23:25:54 +0800] "GET /Bahoot/SQL?sql=SELECT%20current_question_id%20FROM%20session%20WHERE%20room_code%20=%20'774537' HTTP/1.1" 200 33
127.0.0.1 - - [05/Apr/2023:23:25:55 +0800] "GET /Bahoot/SQL?sql=SELECT%20current_question_id%20FROM%20session%20WHERE%20room_code%20=%20'774537' HTTP/1.1" 200 33
127.0.0.1 - - [05/Apr/2023:23:25:55 +0800] "GET /Bahoot/response?option=3&userID=7&room_code=774537&userComment=null&qnSetID=1&qnNo=1 HTTP/1.1" 200 -
192.168.1.94 - - [05/Apr/2023:23:25:55 +0800] "GET /Bahoot/SQL?sql=SELECT%20current_question_id%20FROM%20session%20WHERE%20room_code%20=%20'774537' HTTP/1.1" 200 33
127.0.0.1 - - [05/Apr/2023:23:25:56 +0800] "GET /Bahoot/response?option=3&userID=7&room_code=774537&userComment=null&qnSetID=1&qnNo=1 HTTP/1.1" 200 -
127.0.0.1 - - [05/Apr/2023:23:25:56 +0800] "GET /Bahoot/SQL?sql=SELECT%20current_question_id%20FROM%20session%20WHERE%20room_code%20=%20'774537' HTTP/1.1" 200 33
127.0.0.1 - - [05/Apr/2023:23:25:56 +0800] "GET /Bahoot/response?option=3&userID=7&room_code=774537&userComment=null&qnSetID=1&qnNo=1 HTTP/1.1" 200 -
192.168.1.94 - - [05/Apr/2023:23:25:56 +0800] "GET /Bahoot/SQL?sql=SELECT%20current_question_id%20FROM%20session%20WHERE%20room_code%20=%20'774537' HTTP/1.1" 200 33
127.0.0.1 - - [05/Apr/2023:23:25:56 +0800] "GET /Bahoot/response?option=3&userID=7&room_code=774537&userComment=null&qnSetID=1&qnNo=1 HTTP/1.1" 200 -
127.0.0.1 - - [05/Apr/2023:23:25:56 +0800] "GET /Bahoot/response?option=2&userID=7&room_code=774537&userComment=null&qnSetID=1&qnNo=1 HTTP/1.1" 200 -
127.0.0.1 - - [05/Apr/2023:23:25:57 +0800] "GET /Bahoot/SQL?sql=SELECT%20current_question_id%20FROM%20session%20WHERE%20room_code%20=%20'774537' HTTP/1.1" 200 33
192.168.1.94 - - [05/Apr/2023:23:25:57 +0800] "GET /Bahoot/SQL?sql=SELECT%20current_question_id%20FROM%20session%20WHERE%20room_code%20=%20'774537' HTTP/1.1" 200 33
127.0.0.1 - - [05/Apr/2023:23:25:57 +0800] "GET /Bahoot/response?option=2&userID=7&room_code=774537&userComment=null&qnSetID=1&qnNo=1 HTTP/1.1" 200 -
127.0.0.1 - - [05/Apr/2023:23:25:57 +0800] "GET /Bahoot/response?option=3&userID=7&room_code=774537&userComment=null&qnSetID=1&qnNo=1 HTTP/1.1" 200 -
127.0.0.1 - - [05/Apr/2023:23:25:58 +0800] "GET /Bahoot/response?option=4&userID=7&room_code=774537&userComment=null&qnSetID=1&qnNo=1 HTTP/1.1" 200 -
127.0.0.1 - - [05/Apr/2023:23:25:58 +0800] "GET /Bahoot/SQL?sql=SELECT%20current_question_id%20FROM%20session%20WHERE%20room_code%20=%20'774537' HTTP/1.1" 200 33
192.168.1.94 - - [05/Apr/2023:23:25:58 +0800] "GET /Bahoot/SQL?sql=SELECT%20current_question_id%20FROM%20session%20WHERE%20room_code%20=%20'774537' HTTP/1.1" 200 33
127.0.0.1 - - [05/Apr/2023:23:25:58 +0800] "GET /Bahoot/response?option=3&userID=7&room_code=774537&userComment=null&qnSetID=1&qnNo=1 HTTP/1.1" 200 -
127.0.0.1 - - [05/Apr/2023:23:25:59 +0800] "GET /Bahoot/SQL?sql=SELECT%20current_question_id%20FROM%20session%20WHERE%20room_code%20=%20'774537' HTTP/1.1" 200 33
192.168.1.94 - - [05/Apr/2023:23:25:59 +0800] "GET /Bahoot/SQL?sql=SELECT%20current_question_id%20FROM%20session%20WHERE%20room_code%20=%20'774537' HTTP/1.1" 200 33
127.0.0.1 - - [05/Apr/2023:23:26:00 +0800] "GET /Bahoot/SQL?sql=SELECT%20current_question_id%20FROM%20session%20WHERE%20room_code%20=%20'774537' HTTP/1.1" 200 33
0:0:0:0:0:0:0:1 - - [05/Apr/2023:23:26:00 +0800] "GET /Bahoot/viewQuestions?qnNo=2&setid=1&totalQn=5&room_code=774537 HTTP/1.1" 200 3987
192.168.1.94 - - [05/Apr/2023:23:26:00 +0800] "GET /Bahoot/SQL?sql=SELECT%20current_question_id%20FROM%20session%20WHERE%20room_code%20=%20'774537' HTTP/1.1" 200 33
0:0:0:0:0:0:0:1 - - [05/Apr/2023:23:26:00 +0800] "GET /Bahoot/style/style.css HTTP/1.1" 404 781
127.0.0.1 - - [05/Apr/2023:23:26:01 +0800] "GET /Bahoot/SQL?sql=SELECT%20current_question_id%20FROM%20session%20WHERE%20room_code%20=%20'774537' HTTP/1.1" 200 33
192.168.1.94 - - [05/Apr/2023:23:26:14 +0800] "GET /Bahoot/response?option=3&userID=6&room_code=774537&userComment=null&qnSetID=null&qnNo=null HTTP/1.1" 200 -
192.168.1.94 - - [05/Apr/2023:23:26:14 +0800] "GET /Bahoot/response?option=4&userID=6&room_code=774537&userComment=null&qnSetID=null&qnNo=null HTTP/1.1" 200 -
192.168.1.94 - - [05/Apr/2023:23:26:15 +0800] "GET /Bahoot/response?option=3&userID=6&room_code=774537&userComment=null&qnSetID=null&qnNo=null HTTP/1.1" 200 -
192.168.1.94 - - [05/Apr/2023:23:26:31 +0800] "GET /Bahoot/login?email=i@g.com&password=123 HTTP/1.1" 200 5
192.168.1.94 - - [05/Apr/2023:23:26:36 +0800] "GET /Bahoot/SQL?sql=SELECT%20*%20FROM%20session%20WHERE%20room_code%20=%20'774537' HTTP/1.1" 200 55
192.168.1.94 - - [05/Apr/2023:23:26:36 +0800] "GET /Bahoot/SQL?sql=SELECT%20current_question_id%20FROM%20session%20WHERE%20room_code%20=%20'774537' HTTP/1.1" 200 33
192.168.1.94 - - [05/Apr/2023:23:26:36 +0800] "GET /Bahoot/SQL?sql=SELECT%20current_question_id%20FROM%20session%20WHERE%20room_code%20=%20'774537' HTTP/1.1" 200 33
192.168.1.94 - - [05/Apr/2023:23:26:36 +0800] "GET /Bahoot/SQL?sql=SELECT%20*%20FROM%20questions%20WHERE%20id='2' HTTP/1.1" 200 188
192.168.1.94 - - [05/Apr/2023:23:26:36 +0800] "GET /Bahoot/SQL?sql=SELECT%20*%20FROM%20score%20WHERE%20userID='6'%20AND%20room_code='774537' HTTP/1.1" 200 5
192.168.1.94 - - [05/Apr/2023:23:26:36 +0800] "GET /Bahoot/SQL?sql=SELECT%20*%20FROM%20responses%20WHERE%20questionSetID='1'%20AND%20questionNo='2'%20AND%20userID='6'%20AND%20room_code='774537' HTTP/1.1" 200 5
192.168.1.94 - - [05/Apr/2023:23:26:36 +0800] "GET /Bahoot/SQL?sql=SELECT%20current_question_id%20FROM%20session%20WHERE%20room_code%20=%20'774537' HTTP/1.1" 200 33
192.168.1.94 - - [05/Apr/2023:23:26:36 +0800] "GET /Bahoot/SQL?sql=INSERT%20INTO%20score%20(room_code,%20userID,%20name,%20score)%20VALUES%20('774537',%20'6',%20'Irfan',%20'0') HTTP/1.1" 200 5
192.168.1.94 - - [05/Apr/2023:23:26:38 +0800] "GET /Bahoot/SQL?sql=SELECT%20current_question_id%20FROM%20session%20WHERE%20room_code%20=%20'774537' HTTP/1.1" 200 33
192.168.1.94 - - [05/Apr/2023:23:26:38 +0800] "GET /Bahoot/response?option=3&userID=6&room_code=774537&userComment=null&qnSetID=1&qnNo=2 HTTP/1.1" 200 -
192.168.1.94 - - [05/Apr/2023:23:26:38 +0800] "GET /Bahoot/SQL?sql=UPDATE%20SCORE%20SET%20score='1'%20WHERE%20userID='6'%20AND%20room_code='774537' HTTP/1.1" 200 5
192.168.1.94 - - [05/Apr/2023:23:26:38 +0800] "GET /Bahoot/SQL?sql=SELECT%20current_question_id%20FROM%20session%20WHERE%20room_code%20=%20'774537' HTTP/1.1" 200 33
192.168.1.94 - - [05/Apr/2023:23:26:40 +0800] "GET /Bahoot/SQL?sql=SELECT%20current_question_id%20FROM%20session%20WHERE%20room_code%20=%20'774537' HTTP/1.1" 200 33
192.168.1.94 - - [05/Apr/2023:23:26:41 +0800] "GET /Bahoot/SQL?sql=SELECT%20current_question_id%20FROM%20session%20WHERE%20room_code%20=%20'774537' HTTP/1.1" 200 33
127.0.0.1 - - [05/Apr/2023:23:26:42 +0800] "GET /Bahoot/response?option=4&userID=7&room_code=774537&userComment=null&qnSetID=1&qnNo=1 HTTP/1.1" 200 -
192.168.1.94 - - [05/Apr/2023:23:26:42 +0800] "GET /Bahoot/SQL?sql=SELECT%20current_question_id%20FROM%20session%20WHERE%20room_code%20=%20'774537' HTTP/1.1" 200 33
192.168.1.94 - - [05/Apr/2023:23:26:43 +0800] "GET /Bahoot/SQL?sql=SELECT%20current_question_id%20FROM%20session%20WHERE%20room_code%20=%20'774537' HTTP/1.1" 200 33
127.0.0.1 - - [05/Apr/2023:23:26:43 +0800] "GET /Bahoot/response?option=3&userID=7&room_code=774537&userComment=null&qnSetID=1&qnNo=1 HTTP/1.1" 200 -
192.168.1.94 - - [05/Apr/2023:23:26:43 +0800] "GET /Bahoot/SQL?sql=SELECT%20current_question_id%20FROM%20session%20WHERE%20room_code%20=%20'774537' HTTP/1.1" 200 33
192.168.1.94 - - [05/Apr/2023:23:26:45 +0800] "GET /Bahoot/SQL?sql=SELECT%20current_question_id%20FROM%20session%20WHERE%20room_code%20=%20'774537' HTTP/1.1" 200 33
127.0.0.1 - - [05/Apr/2023:23:26:45 +0800] "GET /Bahoot/response?option=3&userID=7&room_code=774537&userComment=null&qnSetID=1&qnNo=1 HTTP/1.1" 200 -
192.168.1.94 - - [05/Apr/2023:23:26:46 +0800] "GET /Bahoot/SQL?sql=SELECT%20current_question_id%20FROM%20session%20WHERE%20room_code%20=%20'774537' HTTP/1.1" 200 33
192.168.1.94 - - [05/Apr/2023:23:26:47 +0800] "GET /Bahoot/SQL?sql=SELECT%20current_question_id%20FROM%20session%20WHERE%20room_code%20=%20'774537' HTTP/1.1" 200 33
192.168.1.94 - - [05/Apr/2023:23:26:47 +0800] "GET /Bahoot/SQL?sql=SELECT%20current_question_id%20FROM%20session%20WHERE%20room_code%20=%20'774537' HTTP/1.1" 200 33
0:0:0:0:0:0:0:1 - - [05/Apr/2023:23:26:48 +0800] "GET /Bahoot/viewQuestions?qnNo=3&setid=1&totalQn=5&room_code=774537 HTTP/1.1" 200 3979
0:0:0:0:0:0:0:1 - - [05/Apr/2023:23:26:48 +0800] "GET /Bahoot/style/style.css HTTP/1.1" 404 781
192.168.1.94 - - [05/Apr/2023:23:26:49 +0800] "GET /Bahoot/SQL?sql=SELECT%20current_question_id%20FROM%20session%20WHERE%20room_code%20=%20'774537' HTTP/1.1" 200 33
192.168.1.94 - - [05/Apr/2023:23:26:49 +0800] "GET /Bahoot/SQL?sql=SELECT%20current_question_id%20FROM%20session%20WHERE%20room_code%20=%20'774537' HTTP/1.1" 200 33
192.168.1.94 - - [05/Apr/2023:23:26:49 +0800] "GET /Bahoot/SQL?sql=SELECT%20*%20FROM%20questions%20WHERE%20id='3' HTTP/1.1" 200 180
192.168.1.94 - - [05/Apr/2023:23:26:49 +0800] "GET /Bahoot/SQL?sql=SELECT%20current_question_id%20FROM%20session%20WHERE%20room_code%20=%20'774537' HTTP/1.1" 200 33
192.168.1.94 - - [05/Apr/2023:23:26:49 +0800] "GET /Bahoot/SQL?sql=SELECT%20*%20FROM%20score%20WHERE%20userID='6'%20AND%20room_code='774537' HTTP/1.1" 200 61
192.168.1.94 - - [05/Apr/2023:23:26:50 +0800] "GET /Bahoot/SQL?sql=SELECT%20*%20FROM%20responses%20WHERE%20questionSetID='1'%20AND%20questionNo='3'%20AND%20userID='6'%20AND%20room_code='774537' HTTP/1.1" 200 5
192.168.1.94 - - [05/Apr/2023:23:26:50 +0800] "GET /Bahoot/response?option=4&userID=6&room_code=774537&userComment=null&qnSetID=1&qnNo=3 HTTP/1.1" 200 -
192.168.1.94 - - [05/Apr/2023:23:26:50 +0800] "GET /Bahoot/SQL?sql=UPDATE%20SCORE%20SET%20score='2'%20WHERE%20userID='6'%20AND%20room_code='774537' HTTP/1.1" 200 5
192.168.1.94 - - [05/Apr/2023:23:26:50 +0800] "GET /Bahoot/SQL?sql=SELECT%20current_question_id%20FROM%20session%20WHERE%20room_code%20=%20'774537' HTTP/1.1" 200 33
0:0:0:0:0:0:0:1 - - [05/Apr/2023:23:26:51 +0800] "GET /Bahoot/viewQuestions?qnNo=4&setid=1&totalQn=5&room_code=774537 HTTP/1.1" 200 4038
0:0:0:0:0:0:0:1 - - [05/Apr/2023:23:26:51 +0800] "GET /Bahoot/style/style.css HTTP/1.1" 404 781
192.168.1.94 - - [05/Apr/2023:23:26:51 +0800] "GET /Bahoot/SQL?sql=SELECT%20current_question_id%20FROM%20session%20WHERE%20room_code%20=%20'774537' HTTP/1.1" 200 33
192.168.1.94 - - [05/Apr/2023:23:26:52 +0800] "GET /Bahoot/SQL?sql=SELECT%20current_question_id%20FROM%20session%20WHERE%20room_code%20=%20'774537' HTTP/1.1" 200 33
192.168.1.94 - - [05/Apr/2023:23:26:52 +0800] "GET /Bahoot/SQL?sql=SELECT%20*%20FROM%20questions%20WHERE%20id='4' HTTP/1.1" 200 239
192.168.1.94 - - [05/Apr/2023:23:26:52 +0800] "GET /Bahoot/SQL?sql=SELECT%20current_question_id%20FROM%20session%20WHERE%20room_code%20=%20'774537' HTTP/1.1" 200 61
192.168.1.94 - - [05/Apr/2023:23:26:52 +0800] "GET /Bahoot/SQL?sql=SELECT%20*%20FROM%20score%20WHERE%20userID='6'%20AND%20room_code='774537' HTTP/1.1" 200 61
192.168.1.94 - - [05/Apr/2023:23:26:52 +0800] "GET /Bahoot/SQL?sql=SELECT%20*%20FROM%20responses%20WHERE%20questionSetID='1'%20AND%20questionNo='4'%20AND%20userID='6'%20AND%20room_code='774537' HTTP/1.1" 200 5
192.168.1.94 - - [05/Apr/2023:23:26:53 +0800] "GET /Bahoot/response?option=3&userID=6&room_code=774537&userComment=null&qnSetID=1&qnNo=4 HTTP/1.1" 200 -
192.168.1.94 - - [05/Apr/2023:23:26:53 +0800] "GET /Bahoot/SQL?sql=SELECT%20current_question_id%20FROM%20session%20WHERE%20room_code%20=%20'774537' HTTP/1.1" 200 33
0:0:0:0:0:0:0:1 - - [05/Apr/2023:23:26:54 +0800] "GET /Bahoot/viewQuestions?qnNo=5&setid=1&totalQn=5&room_code=774537 HTTP/1.1" 200 3973
0:0:0:0:0:0:0:1 - - [05/Apr/2023:23:26:54 +0800] "GET /Bahoot/style/style.css HTTP/1.1" 404 781
192.168.1.94 - - [05/Apr/2023:23:26:54 +0800] "GET /Bahoot/SQL?sql=SELECT%20current_question_id%20FROM%20session%20WHERE%20room_code%20=%20'774537' HTTP/1.1" 200 33
192.168.1.94 - - [05/Apr/2023:23:26:55 +0800] "GET /Bahoot/SQL?sql=SELECT%20current_question_id%20FROM%20session%20WHERE%20room_code%20=%20'774537' HTTP/1.1" 200 33
192.168.1.94 - - [05/Apr/2023:23:26:55 +0800] "GET /Bahoot/SQL?sql=SELECT%20*%20FROM%20questions%20WHERE%20id='5' HTTP/1.1" 200 174
192.168.1.94 - - [05/Apr/2023:23:26:55 +0800] "GET /Bahoot/SQL?sql=SELECT%20current_question_id%20FROM%20session%20WHERE%20room_code%20=%20'774537' HTTP/1.1" 200 33
192.168.1.94 - - [05/Apr/2023:23:26:55 +0800] "GET /Bahoot/SQL?sql=SELECT%20*%20FROM%20score%20WHERE%20userID='6'%20AND%20room_code='774537' HTTP/1.1" 200 61
192.168.1.94 - - [05/Apr/2023:23:26:55 +0800] "GET /Bahoot/SQL?sql=SELECT%20*%20FROM%20responses%20WHERE%20questionSetID='1'%20AND%20questionNo='5'%20AND%20userID='6'%20AND%20room_code='774537' HTTP/1.1" 200 5
192.168.1.94 - - [05/Apr/2023:23:26:56 +0800] "GET /Bahoot/response?option=2&userID=6&room_code=774537&userComment=null&qnSetID=1&qnNo=5 HTTP/1.1" 200 -
192.168.1.94 - - [05/Apr/2023:23:26:56 +0800] "GET /Bahoot/SQL?sql=SELECT%20current_question_id%20FROM%20session%20WHERE%20room_code%20=%20'774537' HTTP/1.1" 200 33
0:0:0:0:0:0:0:1 - - [05/Apr/2023:23:26:56 +0800] "GET /Bahoot/viewQuestions?qnNo=6&setid=1&totalQn=5&room_code=774537 HTTP/1.1" 200 36288
0:0:0:0:0:0:0:1 - - [05/Apr/2023:23:26:56 +0800] "GET /Bahoot/style/style.css HTTP/1.1" 404 781
192.168.1.94 - - [05/Apr/2023:23:26:57 +0800] "GET /Bahoot/SQL?sql=SELECT%20current_question_id%20FROM%20session%20WHERE%20room_code%20=%20'774537' HTTP/1.1" 200 34
192.168.1.94 - - [05/Apr/2023:23:27:01 +0800] "GET /Bahoot/getScore?userID=6&room_code=774537 HTTP/1.1" 200 11
